Round 0
OzoneLayer (Thickness: 4.75
Oxygene (Thickness: 0.93
CO2Layer (Thickness: 3.12
Oxygene (Thickness: 3.4
CO2Layer (Thickness: 0.6
Round 1
OzoneLayer (Thickness: 4.5125
Oxygene (Thickness: 1.028
CO2Layer (Thickness: 3.2595
Oxygene (Thickness: 2.8899999999999997
CO2Layer (Thickness: 1.1099999999999999
Round 2
OzoneLayer (Thickness: 4.286875
Oxygene (Thickness: 1.099425
CO2Layer (Thickness: 3.4137
Oxygene (Thickness: 2.4564999999999997
CO2Layer (Thickness: 1.5434999999999999
Round 3
OzoneLayer (Thickness: 4.07253125
Oxygene (Thickness: 1.1488550000000002
CO2Layer (Thickness: 3.57861375
Oxygene (Thickness: 2.0880249999999996
CO2Layer (Thickness: 1.9119749999999998
Round 4
OzoneLayer (Thickness: 4.07253125
Oxygene (Thickness: 1.09141225
CO2Layer (Thickness: 3.3996830625000003
Oxygene (Thickness: 2.1625544374999994
CO2Layer (Thickness: 1.8163762499999998
Round 5
OzoneLayer (Thickness: 4.07253125
Oxygene (Thickness: 1.0368416375
CO2Layer (Thickness: 3.229698909375
Oxygene (Thickness: 2.2244108687499997
CO2Layer (Thickness: 1.7255574374999998
Round 6
OzoneLayer (Thickness: 4.07253125
Oxygene (Thickness: 0.51842081875
CO2Layer (Thickness: 3.229698909375
Oxygene (Thickness: 1.1122054343749999
CO2Layer (Thickness: 1.7255574374999998
OzoneLayer (Thickness: 0.51842081875
OzoneLayer (Thickness: 1.1122054343749999
Round 7
OzoneLayer (Thickness: 4.07253125
CO2Layer (Thickness: 3.06821396390625
Oxygene (Thickness: 1.7105798859374999
CO2Layer (Thickness: 1.6392795656249999
OzoneLayer (Thickness: 0.59995213140625
OzoneLayer (Thickness: 1.1122054343749999
Round 8
OzoneLayer (Thickness: 4.07253125
CO2Layer (Thickness: 2.9148032657109377
Oxygene (Thickness: 1.7784615898359373
CO2Layer (Thickness: 1.5573155873437499
OzoneLayer (Thickness: 0.685481125703125
OzoneLayer (Thickness: 1.1122054343749999
Round 9
OzoneLayer (Thickness: 3.8689046874999997
CO2Layer (Thickness: 2.9148032657109377
Oxygene (Thickness: 1.7153189138605467
CO2Layer (Thickness: 1.8240848258191404
OzoneLayer (Thickness: 0.6512070694179688
OzoneLayer (Thickness: 1.05659516265625
Round 10
OzoneLayer (Thickness: 3.6754594531249998
CO2Layer (Thickness: 2.9148032657109377
Oxygene (Thickness: 1.6514663111564647
CO2Layer (Thickness: 2.0813826628982226
OzoneLayer (Thickness: 0.6186467159470703
OzoneLayer (Thickness: 1.0037654045234374
Round 0
OzoneLayer (Thickness: 3.4916864804687497
CO2Layer (Thickness: 2.9148032657109377
Oxygene (Thickness: 1.587519337139245
CO2Layer (Thickness: 2.3291026095716925
OzoneLayer (Thickness: 0.5877143801497168
OzoneLayer (Thickness: 0.9535771342972655
Round 1
OzoneLayer (Thickness: 3.317102156445312
CO2Layer (Thickness: 2.9148032657109377
Oxygene (Thickness: 1.5239757605917958
CO2Layer (Thickness: 2.567230510142579
OzoneLayer (Thickness: 0.5583286611422309
OzoneLayer (Thickness: 0.9058982775824023
Round 2
OzoneLayer (Thickness: 3.1512470486230466
CO2Layer (Thickness: 2.9148032657109377
Oxygene (Thickness: 1.4612345043252921
CO2Layer (Thickness: 2.7958268742313486
OzoneLayer (Thickness: 0.5304122280851193
OzoneLayer (Thickness: 0.8606033637032822
Round 3
OzoneLayer (Thickness: 2.9936846961918944
CO2Layer (Thickness: 2.9148032657109377
Oxygene (Thickness: 1.3996116811076504
CO2Layer (Thickness: 3.0150120498801423
OzoneLayer (Thickness: 0.5038916166808634
OzoneLayer (Thickness: 0.817573195518118
Round 4
OzoneLayer (Thickness: 2.9936846961918944
CO2Layer (Thickness: 2.769063102425391
Oxygene (Thickness: 1.4753712603378148
CO2Layer (Thickness: 2.864261447386135
OzoneLayer (Thickness: 0.5738722007362459
OzoneLayer (Thickness: 0.817573195518118
Round 5
OzoneLayer (Thickness: 2.9936846961918944
CO2Layer (Thickness: 2.630609947304121
Oxygene (Thickness: 1.5400558524421937
CO2Layer (Thickness: 2.7210483750168284
OzoneLayer (Thickness: 0.6476407637531366
OzoneLayer (Thickness: 0.817573195518118
Round 6
OzoneLayer (Thickness: 2.9936846961918944
CO2Layer (Thickness: 2.630609947304121
Oxygene (Thickness: 0.7700279262210968
CO2Layer (Thickness: 2.7210483750168284
OzoneLayer (Thickness: 1.4176686899742335
OzoneLayer (Thickness: 0.817573195518118
Round 7
OzoneLayer (Thickness: 2.9936846961918944
CO2Layer (Thickness: 2.499079449938915
Oxygene (Thickness: 0.863057027275248
CO2Layer (Thickness: 2.584995956265987
OzoneLayer (Thickness: 1.4561700862852882
OzoneLayer (Thickness: 0.817573195518118
Round 8
OzoneLayer (Thickness: 2.9936846961918944
CO2Layer (Thickness: 2.3741254774419693
Oxygene (Thickness: 0.9448581484084313
CO2Layer (Thickness: 2.455746158452688
OzoneLayer (Thickness: 1.4993229376490507
OzoneLayer (Thickness: 0.817573195518118
Round 9
OzoneLayer (Thickness: 2.8440004613823
CO2Layer (Thickness: 2.3741254774419693
Oxygene (Thickness: 0.9528136609567613
CO2Layer (Thickness: 2.5974748807139525
OzoneLayer (Thickness: 1.4243567907665982
OzoneLayer (Thickness: 0.7766945357422121
Round 10
OzoneLayer (Thickness: 2.701800438313185
CO2Layer (Thickness: 2.3741254774419693
Oxygene (Thickness: 0.952091634882362
CO2Layer (Thickness: 2.7403969298574666
OzoneLayer (Thickness: 1.3531389512282683
OzoneLayer (Thickness: 0.7378598089551015
Round 0
OzoneLayer (Thickness: 2.5667104163975254
CO2Layer (Thickness: 2.3741254774419693
Oxygene (Thickness: 0.9443679115656669
CO2Layer (Thickness: 2.883210675089821
OzoneLayer (Thickness: 1.2854820036668548
OzoneLayer (Thickness: 0.7009668185073464
Round 1
OzoneLayer (Thickness: 2.438374895577649
CO2Layer (Thickness: 2.3741254774419693
Oxygene (Thickness: 0.9310482456506932
CO2Layer (Thickness: 3.024865861824671
OzoneLayer (Thickness: 1.2212079034835122
OzoneLayer (Thickness: 0.6659184775819791
Round 2
OzoneLayer (Thickness: 2.3164561507987664
CO2Layer (Thickness: 2.3741254774419693
Oxygene (Thickness: 0.9133097535819716
CO2Layer (Thickness: 3.1645230986722748
OzoneLayer (Thickness: 1.1601475083093367
OzoneLayer (Thickness: 0.6326225537028801
Round 3
OzoneLayer (Thickness: 2.2006333432588283
CO2Layer (Thickness: 2.3741254774419693
Oxygene (Thickness: 0.8921360980846142
CO2Layer (Thickness: 3.3015195617095703
OzoneLayer (Thickness: 1.1021401328938698
OzoneLayer (Thickness: 0.6009914260177361
Round 4
OzoneLayer (Thickness: 2.2006333432588283
CO2Layer (Thickness: 2.255419203569871
Oxygene (Thickness: 0.966235567052482
CO2Layer (Thickness: 3.1364435836240916
OzoneLayer (Thickness: 1.1467469377981006
OzoneLayer (Thickness: 0.6009914260177361
Round 5
OzoneLayer (Thickness: 2.2006333432588283
CO2Layer (Thickness: 2.1426482433913776
Oxygene (Thickness: 1.0306947488783516
CO2Layer (Thickness: 2.979621404442887
OzoneLayer (Thickness: 1.1950587161507247
OzoneLayer (Thickness: 0.6009914260177361
Round 6
OzoneLayer (Thickness: 2.2006333432588283
CO2Layer (Thickness: 2.1426482433913776
Oxygene (Thickness: 0.5153473744391758
CO2Layer (Thickness: 2.979621404442887
OzoneLayer (Thickness: 1.7104060905899003
OzoneLayer (Thickness: 0.6009914260177361
Round 7
OzoneLayer (Thickness: 2.2006333432588283
CO2Layer (Thickness: 2.035515831221809
CO2Layer (Thickness: 2.8306403342207425
OzoneLayer (Thickness: 1.7361734593118592
OzoneLayer (Thickness: 0.6009914260177361